OpenROAD d423155d69de7f683a23f6916ead418a615ad4ad 
Features included (+) or not (-):  +Charts +GPU +GUI +Python
This program is licensed under the BSD-3 license. See the LICENSE file for details.
Components of this program may be licensed under more restrictive licenses which must be honored.
[INFO ODB-0227] LEF file: /home/krish1002/pdk/sky130A/libs.ref/sky130_fd_sc_hd/techlef/sky130_fd_sc_hd__nom.tlef, created 13 layers, 25 vias
[WARNING ODB-0220] WARNING (LEFPARS-2008): NOWIREEXTENSIONATPIN statement is obsolete in version 5.6 or later.
The NOWIREEXTENSIONATPIN statement will be ignored. See file /home/krish1002/pdk/sky130A/libs.ref/sky130_fd_sc_hd/lef/sky130_fd_sc_hd.lef at line 2.

[INFO ODB-0227] LEF file: /home/krish1002/pdk/sky130A/libs.ref/sky130_fd_sc_hd/lef/sky130_fd_sc_hd.lef, created 437 library cells
[INFO ODB-0127] Reading DEF file: /openlane/designs/axi2uart_bridge_top/runs/manual/results/routed.def
[INFO ODB-0128] Design: axi2uart_bridge_top
[INFO ODB-0130]     Created 53 pins.
[INFO ODB-0131]     Created 1026 components and 6381 component-terminals.
[INFO ODB-0132]     Created 2 special nets and 3556 connections.
[INFO ODB-0133]     Created 764 nets and 2717 connections.
[INFO ODB-0134] Finished DEF file: /openlane/designs/axi2uart_bridge_top/runs/manual/results/routed.def
[INFO RCX-0008] extracting parasitics of axi2uart_bridge_top ...
[INFO RCX-0435] Reading extraction model file /home/krish1002/pdk/sky130A/libs.tech/openlane/rules.openrcx.sky130A.nom.calibre ...
[INFO RCX-0434] Defined process_corner MinMax0 with ext_model_index 0 (using extRulesFile defaults)
[INFO RCX-0436] RC segment generation axi2uart_bridge_top (max_merge_res 50.0) ...
[INFO RCX-0040] Final 3344 rc segments
[INFO RCX-0439] Coupling Cap extraction axi2uart_bridge_top ...
[INFO RCX-0440] Coupling threshhold is 0.1000 fF, coupling capacitance less than 0.1000 fF will be grounded.
[INFO RCX-0043] 5734 wires to be extracted
[INFO RCX-0442] 50% completion -- 2886 wires have been extracted
[INFO RCX-0442] 100% completion -- 5734 wires have been extracted
[INFO RCX-0045] Extract 764 nets, 4095 rsegs, 4095 caps, 8429 ccs
[INFO RCX-0015] Finished extracting axi2uart_bridge_top.
[INFO RCX-0016] Writing SPEF ...
[INFO RCX-0443] 764 nets finished
[INFO RCX-0017] Finished writing SPEF ...
