OpenSTA 2.5.0 GITDIR-NOT Copyright (c) 2024, Parallax Software, Inc.
License GPLv3: GNU GPL version 3 <http://gnu.org/licenses/gpl.html>

This is free software, and you are free to change and redistribute it
under certain conditions; type `show_copying' for details. 
This program comes with ABSOLUTELY NO WARRANTY; for details type `show_warranty'.
Startpoint: s_axi_awvalid (input port clocked by clk_axi)
Endpoint: s_axi_awready (output port clocked by clk_axi)
Path Group: clk_axi
Path Type: max

  Delay    Time   Description
---------------------------------------------------------
   0.00    0.00   clock clk_axi (rise edge)
   0.00    0.00   clock network delay (ideal)
   2.00    2.00 ^ input external delay
   0.00    2.00 ^ s_axi_awvalid (in)
   0.03    2.03 v u_axi_slave/_100_/Y (sky130_fd_sc_hd__nand2_1)
   0.93    2.96 v u_axi_slave/_101_/X (sky130_fd_sc_hd__or4_1)
   0.08    3.04 ^ u_axi_slave/_102_/Y (sky130_fd_sc_hd__clkinv_1)
   0.00    3.04 ^ s_axi_awready (out)
           3.04   data arrival time

  10.00   10.00   clock clk_axi (rise edge)
   0.00   10.00   clock network delay (ideal)
   0.00   10.00   clock reconvergence pessimism
  -2.00    8.00   output external delay
           8.00   data required time
---------------------------------------------------------
           8.00   data required time
          -3.04   data arrival time
---------------------------------------------------------
           4.96   slack (MET)


Startpoint: u_async_fifo/sync_r2w/_5_
            (rising edge-triggered flip-flop clocked by clk_axi)
Endpoint: u_async_fifo/sync_r2w/_0_
          (rising edge-triggered flip-flop clocked by clk_axi)
Path Group: clk_axi
Path Type: min

  Delay    Time   Description
---------------------------------------------------------
   0.00    0.00   clock clk_axi (rise edge)
   0.00    0.00   clock network delay (ideal)
   0.00    0.00 ^ u_async_fifo/sync_r2w/_5_/CLK (sky130_fd_sc_hd__dfrtp_1)
   0.29    0.29 ^ u_async_fifo/sync_r2w/_5_/Q (sky130_fd_sc_hd__dfrtp_1)
   0.00    0.29 ^ u_async_fifo/sync_r2w/_0_/D (sky130_fd_sc_hd__dfrtp_1)
           0.29   data arrival time

   0.00    0.00   clock clk_axi (rise edge)
   0.00    0.00   clock network delay (ideal)
   0.00    0.00   clock reconvergence pessimism
           0.00 ^ u_async_fifo/sync_r2w/_0_/CLK (sky130_fd_sc_hd__dfrtp_1)
  -0.04   -0.04   library hold time
          -0.04   data required time
---------------------------------------------------------
          -0.04   data required time
          -0.29   data arrival time
---------------------------------------------------------
           0.33   slack (MET)


tns 0.00
wns 0.00
